{"@timestamp":"2026-09-28T07:32:40.671347281Z","@version":"1","message":"Starting GatewayApplication v0.0.1-SNAPSHOT using Java 21.0.12.1 with PID 1 (/app/app.jar started by root in /app)","logger_name":"com.iotsecurity.gateway.GatewayApplication","thread_name":"main","level":"INFO","level_value":20000,"tags":["COMMONS-LOGGING"]}
{"@timestamp":"2026-09-28T07:32:40.704806049Z","@version":"1","message":"No active profile set, falling back to 1 default profile: \"default\"","logger_name":"com.iotsecurity.gateway.GatewayApplication","thread_name":"main","level":"INFO","level_value":20000,"tags":["COMMONS-LOGGING"]}
{"@timestamp":"2026-09-28T07:32:45.194548139Z","@version":"1","message":"BeanFactory id=927dadff-c37b-3e15-8d1d-834b2adc5751","logger_name":"org.springframework.cloud.context.scope.GenericScope","thread_name":"main","level":"INFO","level_value":20000,"tags":["COMMONS-LOGGING"]}
{"@timestamp":"2026-09-28T07:32:48.472818487Z","@version":"1","message":"Loaded RoutePredicateFactory [After]","logger_name":"org.springframework.cloud.gateway.route.RouteDefinitionRouteLocator","thread_name":"main","level":"INFO","level_value":20000,"tags":["COMMONS-LOGGING"]}
{"@timestamp":"2026-09-28T07:32:48.474359327Z","@version":"1","message":"Loaded RoutePredicateFactory [Before]","logger_name":"org.springframework.cloud.gateway.route.RouteDefinitionRouteLocator","thread_name":"main","level":"INFO","level_value":20000,"tags":["COMMONS-LOGGING"]}
{"@timestamp":"2026-09-28T07:32:48.475192947Z","@version":"1","message":"Loaded RoutePredicateFactory [Between]","logger_name":"org.springframework.cloud.gateway.route.RouteDefinitionRouteLocator","thread_name":"main","level":"INFO","level_value":20000,"tags":["COMMONS-LOGGING"]}
{"@timestamp":"2026-09-28T07:32:48.475836822Z","@version":"1","message":"Loaded RoutePredicateFactory [Cookie]","logger_name":"org.springframework.cloud.gateway.route.RouteDefinitionRouteLocator","thread_name":"main","level":"INFO","level_value":20000,"tags":["COMMONS-LOGGING"]}
{"@timestamp":"2026-09-28T07:32:48.476372407Z","@version":"1","message":"Loaded RoutePredicateFactory [Header]","logger_name":"org.springframework.cloud.gateway.route.RouteDefinitionRouteLocator","thread_name":"main","level":"INFO","level_value":20000,"tags":["COMMONS-LOGGING"]}
{"@timestamp":"2026-09-28T07:32:48.477036566Z","@version":"1","message":"Loaded RoutePredicateFactory [Host]","logger_name":"org.springframework.cloud.gateway.route.RouteDefinitionRouteLocator","thread_name":"main","level":"INFO","level_value":20000,"tags":["COMMONS-LOGGING"]}
{"@timestamp":"2026-09-28T07:32:48.477740641Z","@version":"1","message":"Loaded RoutePredicateFactory [Method]","logger_name":"org.springframework.cloud.gateway.route.RouteDefinitionRouteLocator","thread_name":"main","level":"INFO","level_value":20000,"tags":["COMMONS-LOGGING"]}
{"@timestamp":"2026-09-28T07:32:48.478252874Z","@version":"1","message":"Loaded RoutePredicateFactory [Path]","logger_name":"org.springframework.cloud.gateway.route.RouteDefinitionRouteLocator","thread_name":"main","level":"INFO","level_value":20000,"tags":["COMMONS-LOGGING"]}
{"@timestamp":"2026-09-28T07:32:48.478813023Z","@version":"1","message":"Loaded RoutePredicateFactory [Query]","logger_name":"org.springframework.cloud.gateway.route.RouteDefinitionRouteLocator","thread_name":"main","level":"INFO","level_value":20000,"tags":["COMMONS-LOGGING"]}
{"@timestamp":"2026-09-28T07:32:48.479392565Z","@version":"1","message":"Loaded RoutePredicateFactory [ReadBody]","logger_name":"org.springframework.cloud.gateway.route.RouteDefinitionRouteLocator","thread_name":"main","level":"INFO","level_value":20000,"tags":["COMMONS-LOGGING"]}
{"@timestamp":"2026-09-28T07:32:48.479930302Z","@version":"1","message":"Loaded RoutePredicateFactory [RemoteAddr]","logger_name":"org.springframework.cloud.gateway.route.RouteDefinitionRouteLocator","thread_name":"main","level":"INFO","level_value":20000,"tags":["COMMONS-LOGGING"]}
{"@timestamp":"2026-09-28T07:32:48.480495142Z","@version":"1","message":"Loaded RoutePredicateFactory [Version]","logger_name":"org.springframework.cloud.gateway.route.RouteDefinitionRouteLocator","thread_name":"main","level":"INFO","level_value":20000,"tags":["COMMONS-LOGGING"]}
{"@timestamp":"2026-09-28T07:32:48.481475939Z","@version":"1","message":"Loaded RoutePredicateFactory [XForwardedRemoteAddr]","logger_name":"org.springframework.cloud.gateway.route.RouteDefinitionRouteLocator","thread_name":"main","level":"INFO","level_value":20000,"tags":["COMMONS-LOGGING"]}
{"@timestamp":"2026-09-28T07:32:48.482389691Z","@version":"1","message":"Loaded RoutePredicateFactory [Weight]","logger_name":"org.springframework.cloud.gateway.route.RouteDefinitionRouteLocator","thread_name":"main","level":"INFO","level_value":20000,"tags":["COMMONS-LOGGING"]}
{"@timestamp":"2026-09-28T07:32:48.483097117Z","@version":"1","message":"Loaded RoutePredicateFactory [CloudFoundryRouteService]","logger_name":"org.springframework.cloud.gateway.route.RouteDefinitionRouteLocator","thread_name":"main","level":"INFO","level_value":20000,"tags":["COMMONS-LOGGING"]}
{"@timestamp":"2026-09-28T07:32:48.860432449Z","@version":"1","message":"Exposing 3 endpoints beneath base path '/actuator'","logger_name":"org.springframework.boot.actuate.endpoint.web.EndpointLinksResolver","thread_name":"main","level":"INFO","level_value":20000,"tags":["COMMONS-LOGGING"]}
{"@timestamp":"2026-09-28T07:32:49.614398143Z","@version":"1","message":"Eureka HTTP Client uses RestClient.","logger_name":"org.springframework.cloud.netflix.eureka.config.DiscoveryClientOptionalArgsConfiguration","thread_name":"main","level":"INFO","level_value":20000,"tags":["COMMONS-LOGGING"]}
{"@timestamp":"2026-09-28T07:32:49.666267952Z","@version":"1","message":"Spring Cloud LoadBalancer is currently working with the default cache. While this cache implementation is useful for development and tests, it's recommended to use Caffeine cache in production.You can switch to using Caffeine cache, by adding it and org.springframework.cache.caffeine.CaffeineCacheManager to the classpath.","logger_name":"org.springframework.cloud.loadbalancer.config.LoadBalancerCacheAutoConfiguration$LoadBalancerCaffeineWarnLogger","thread_name":"main","level":"WARN","level_value":30000,"tags":["COMMONS-LOGGING"]}
{"@timestamp":"2026-09-28T07:32:49.737574439Z","@version":"1","message":"Setting initial instance status as: STARTING","logger_name":"org.springframework.cloud.netflix.eureka.InstanceInfoFactory","thread_name":"main","level":"INFO","level_value":20000,"tags":["COMMONS-LOGGING"]}
{"@timestamp":"2026-09-28T07:32:49.780072966Z","@version":"1","message":"Initializing Eureka in region us-east-1","logger_name":"com.netflix.discovery.DiscoveryClient","thread_name":"main","level":"INFO","level_value":20000}
{"@timestamp":"2026-09-28T07:32:49.786544265Z","@version":"1","message":"Resolving eureka endpoints via configuration","logger_name":"com.netflix.discovery.shared.resolver.aws.ConfigClusterResolver","thread_name":"main","level":"INFO","level_value":20000}
{"@timestamp":"2026-09-28T07:32:49.806195458Z","@version":"1","message":"Disable delta property : false","logger_name":"com.netflix.discovery.DiscoveryClient","thread_name":"main","level":"INFO","level_value":20000}
{"@timestamp":"2026-09-28T07:32:49.807159372Z","@version":"1","message":"Single vip registry refresh property : null","logger_name":"com.netflix.discovery.DiscoveryClient","thread_name":"main","level":"INFO","level_value":20000}
{"@timestamp":"2026-09-28T07:32:49.807790191Z","@version":"1","message":"Force full registry fetch : false","logger_name":"com.netflix.discovery.DiscoveryClient","thread_name":"main","level":"INFO","level_value":20000}
{"@timestamp":"2026-09-28T07:32:49.808274973Z","@version":"1","message":"Application is null : false","logger_name":"com.netflix.discovery.DiscoveryClient","thread_name":"main","level":"INFO","level_value":20000}
{"@timestamp":"2026-09-28T07:32:49.808771869Z","@version":"1","message":"Registered Applications size is zero : true","logger_name":"com.netflix.discovery.DiscoveryClient","thread_name":"main","level":"INFO","level_value":20000}
{"@timestamp":"2026-09-28T07:32:49.809405191Z","@version":"1","message":"Application version is -1: true","logger_name":"com.netflix.discovery.DiscoveryClient","thread_name":"main","level":"INFO","level_value":20000}
{"@timestamp":"2026-09-28T07:32:49.8100671Z","@version":"1","message":"Getting all instance registry info from the eureka server","logger_name":"com.netflix.discovery.DiscoveryClient","thread_name":"main","level":"INFO","level_value":20000}
{"@timestamp":"2026-09-28T07:32:50.467184519Z","@version":"1","message":"The response status is 200","logger_name":"com.netflix.discovery.DiscoveryClient","thread_name":"main","level":"INFO","level_value":20000}
{"@timestamp":"2026-09-28T07:32:50.471592994Z","@version":"1","message":"Starting heartbeat executor: renew interval is: 30","logger_name":"com.netflix.discovery.DiscoveryClient","thread_name":"main","level":"INFO","level_value":20000}
{"@timestamp":"2026-09-28T07:32:50.475432088Z","@version":"1","message":"InstanceInfoReplicator onDemand update allowed rate per min is 4","logger_name":"com.netflix.discovery.InstanceInfoReplicator","thread_name":"main","level":"INFO","level_value":20000}
{"@timestamp":"2026-09-28T07:32:50.479397722Z","@version":"1","message":"Discovery Client initialized at timestamp 1790580770478 with initial instances count: 3","logger_name":"com.netflix.discovery.DiscoveryClient","thread_name":"main","level":"INFO","level_value":20000}
{"@timestamp":"2026-09-28T07:32:50.48498223Z","@version":"1","message":"Registering application API-GATEWAY with eureka with status UP","logger_name":"org.springframework.cloud.netflix.eureka.serviceregistry.EurekaServiceRegistry","thread_name":"main","level":"INFO","level_value":20000,"tags":["COMMONS-LOGGING"]}
{"@timestamp":"2026-09-28T07:32:50.486647056Z","@version":"1","message":"Saw local status change event StatusChangeEvent [timestamp=1790580770486, current=UP, previous=STARTING]","logger_name":"com.netflix.discovery.DiscoveryClient","thread_name":"main","level":"INFO","level_value":20000}
{"@timestamp":"2026-09-28T07:32:50.489296795Z","@version":"1","message":"DiscoveryClient_API-GATEWAY/0634e8b7ee63:api-gateway:8090: registering service...","logger_name":"com.netflix.discovery.DiscoveryClient","thread_name":"DiscoveryClient-InstanceInfoReplicator-%d","level":"INFO","level_value":20000}
{"@timestamp":"2026-09-28T07:32:50.557067118Z","@version":"1","message":"DiscoveryClient_API-GATEWAY/0634e8b7ee63:api-gateway:8090 - registration status: 204","logger_name":"com.netflix.discovery.DiscoveryClient","thread_name":"DiscoveryClient-InstanceInfoReplicator-%d","level":"INFO","level_value":20000}
{"@timestamp":"2026-09-28T07:32:50.769980771Z","@version":"1","message":"Netty started on port 8090 (http)","logger_name":"org.springframework.boot.reactor.netty.NettyWebServer","thread_name":"main","level":"INFO","level_value":20000,"tags":["COMMONS-LOGGING"]}
{"@timestamp":"2026-09-28T07:32:50.774165564Z","@version":"1","message":"Updating port to 8090","logger_name":"org.springframework.cloud.netflix.eureka.serviceregistry.EurekaAutoServiceRegistration","thread_name":"main","level":"INFO","level_value":20000,"tags":["COMMONS-LOGGING"]}
{"@timestamp":"2026-09-28T07:32:50.813045976Z","@version":"1","message":"Started GatewayApplication in 11.472 seconds (process running for 13.801)","logger_name":"com.iotsecurity.gateway.GatewayApplication","thread_name":"main","level":"INFO","level_value":20000,"tags":["COMMONS-LOGGING"]}
{"@timestamp":"2026-09-28T07:32:50.819774285Z","@version":"1","message":"SpringDoc /v3/api-docs endpoint is enabled by default. To disable it in production, set the property 'springdoc.api-docs.enabled=false'","logger_name":"org.springdoc.core.events.SpringDocAppInitializer","thread_name":"main","level":"WARN","level_value":30000}
{"@timestamp":"2026-09-28T07:32:50.820973725Z","@version":"1","message":"SpringDoc /swagger-ui.html endpoint is enabled by default. To disable it in production, set the property 'springdoc.swagger-ui.enabled=false'","logger_name":"org.springdoc.core.events.SpringDocAppInitializer","thread_name":"main","level":"WARN","level_value":30000}
{"@timestamp":"2026-09-28T07:32:50.822680763Z","@version":"1","message":"IoT Security API Gateway started successfully","logger_name":"com.iotsecurity.gateway.GatewayApplication","thread_name":"main","level":"INFO","level_value":20000}
{"@timestamp":"2026-09-28T07:37:49.790702411Z","@version":"1","message":"Resolving eureka endpoints via configuration","logger_name":"com.netflix.discovery.shared.resolver.aws.ConfigClusterResolver","thread_name":"AsyncResolver-bootstrap-executor-%d","level":"INFO","level_value":20000}
{"@timestamp":"2026-09-28T07:42:49.775150125Z","@version":"1","message":"Resolving eureka endpoints via configuration","logger_name":"com.netflix.discovery.shared.resolver.aws.ConfigClusterResolver","thread_name":"AsyncResolver-bootstrap-executor-%d","level":"INFO","level_value":20000}
{"@timestamp":"2026-09-28T07:47:49.759619795Z","@version":"1","message":"Resolving eureka endpoints via configuration","logger_name":"com.netflix.discovery.shared.resolver.aws.ConfigClusterResolver","thread_name":"AsyncResolver-bootstrap-executor-%d","level":"INFO","level_value":20000}
{"@timestamp":"2026-09-28T07:52:49.747880596Z","@version":"1","message":"Resolving eureka endpoints via configuration","logger_name":"com.netflix.discovery.shared.resolver.aws.ConfigClusterResolver","thread_name":"AsyncResolver-bootstrap-executor-%d","level":"INFO","level_value":20000}
{"@timestamp":"2026-09-28T07:57:49.733301933Z","@version":"1","message":"Resolving eureka endpoints via configuration","logger_name":"com.netflix.discovery.shared.resolver.aws.ConfigClusterResolver","thread_name":"AsyncResolver-bootstrap-executor-%d","level":"INFO","level_value":20000}
{"@timestamp":"2026-09-28T08:02:49.717363941Z","@version":"1","message":"Resolving eureka endpoints via configuration","logger_name":"com.netflix.discovery.shared.resolver.aws.ConfigClusterResolver","thread_name":"AsyncResolver-bootstrap-executor-%d","level":"INFO","level_value":20000}
{"@timestamp":"2026-09-28T08:07:49.688422429Z","@version":"1","message":"Resolving eureka endpoints via configuration","logger_name":"com.netflix.discovery.shared.resolver.aws.ConfigClusterResolver","thread_name":"AsyncResolver-bootstrap-executor-%d","level":"INFO","level_value":20000}
{"@timestamp":"2026-09-28T08:12:49.654686133Z","@version":"1","message":"Resolving eureka endpoints via configuration","logger_name":"com.netflix.discovery.shared.resolver.aws.ConfigClusterResolver","thread_name":"AsyncResolver-bootstrap-executor-%d","level":"INFO","level_value":20000}
{"@timestamp":"2026-09-28T08:17:49.622797807Z","@version":"1","message":"Resolving eureka endpoints via configuration","logger_name":"com.netflix.discovery.shared.resolver.aws.ConfigClusterResolver","thread_name":"AsyncResolver-bootstrap-executor-%d","level":"INFO","level_value":20000}
{"@timestamp":"2026-09-28T08:21:08.822985034Z","@version":"1","message":"Unregistering application API-GATEWAY with eureka with status DOWN","logger_name":"org.springframework.cloud.netflix.eureka.serviceregistry.EurekaServiceRegistry","thread_name":"SpringApplicationShutdownHook","level":"INFO","level_value":20000,"tags":["COMMONS-LOGGING"]}
{"@timestamp":"2026-09-28T08:21:08.825713937Z","@version":"1","message":"Saw local status change event StatusChangeEvent [timestamp=1790583668825, current=DOWN, previous=UP]","logger_name":"com.netflix.discovery.DiscoveryClient","thread_name":"SpringApplicationShutdownHook","level":"INFO","level_value":20000}
{"@timestamp":"2026-09-28T08:21:08.827442584Z","@version":"1","message":"DiscoveryClient_API-GATEWAY/0634e8b7ee63:api-gateway:8090: registering service...","logger_name":"com.netflix.discovery.DiscoveryClient","thread_name":"DiscoveryClient-InstanceInfoReplicator-%d","level":"INFO","level_value":20000}
{"@timestamp":"2026-09-28T08:21:08.868813248Z","@version":"1","message":"DiscoveryClient_API-GATEWAY/0634e8b7ee63:api-gateway:8090 - registration status: 204","logger_name":"com.netflix.discovery.DiscoveryClient","thread_name":"DiscoveryClient-InstanceInfoReplicator-%d","level":"INFO","level_value":20000}
{"@timestamp":"2026-09-28T08:21:08.921383627Z","@version":"1","message":"Commencing graceful shutdown. Waiting for active requests to complete","logger_name":"org.springframework.boot.reactor.netty.GracefulShutdown","thread_name":"SpringApplicationShutdownHook","level":"INFO","level_value":20000,"tags":["COMMONS-LOGGING"]}
{"@timestamp":"2026-09-28T08:21:08.941486508Z","@version":"1","message":"Graceful shutdown complete","logger_name":"org.springframework.boot.reactor.netty.GracefulShutdown","thread_name":"netty-shutdown","level":"INFO","level_value":20000,"tags":["COMMONS-LOGGING"]}
{"@timestamp":"2026-09-28T08:24:07.552041944Z","@version":"1","message":"Starting GatewayApplication v0.0.1-SNAPSHOT using Java 21.0.12.1 with PID 1 (/app/app.jar started by root in /app)","logger_name":"com.iotsecurity.gateway.GatewayApplication","thread_name":"main","level":"INFO","level_value":20000,"tags":["COMMONS-LOGGING"]}
{"@timestamp":"2026-09-28T08:24:07.589891273Z","@version":"1","message":"No active profile set, falling back to 1 default profile: \"default\"","logger_name":"com.iotsecurity.gateway.GatewayApplication","thread_name":"main","level":"INFO","level_value":20000,"tags":["COMMONS-LOGGING"]}
{"@timestamp":"2026-09-28T08:24:13.78613488Z","@version":"1","message":"BeanFactory id=927dadff-c37b-3e15-8d1d-834b2adc5751","logger_name":"org.springframework.cloud.context.scope.GenericScope","thread_name":"main","level":"INFO","level_value":20000,"tags":["COMMONS-LOGGING"]}
{"@timestamp":"2026-09-28T08:24:17.589175001Z","@version":"1","message":"Loaded RoutePredicateFactory [After]","logger_name":"org.springframework.cloud.gateway.route.RouteDefinitionRouteLocator","thread_name":"main","level":"INFO","level_value":20000,"tags":["COMMONS-LOGGING"]}
{"@timestamp":"2026-09-28T08:24:17.590578229Z","@version":"1","message":"Loaded RoutePredicateFactory [Before]","logger_name":"org.springframework.cloud.gateway.route.RouteDefinitionRouteLocator","thread_name":"main","level":"INFO","level_value":20000,"tags":["COMMONS-LOGGING"]}
{"@timestamp":"2026-09-28T08:24:17.591578599Z","@version":"1","message":"Loaded RoutePredicateFactory [Between]","logger_name":"org.springframework.cloud.gateway.route.RouteDefinitionRouteLocator","thread_name":"main","level":"INFO","level_value":20000,"tags":["COMMONS-LOGGING"]}
{"@timestamp":"2026-09-28T08:24:17.592488437Z","@version":"1","message":"Loaded RoutePredicateFactory [Cookie]","logger_name":"org.springframework.cloud.gateway.route.RouteDefinitionRouteLocator","thread_name":"main","level":"INFO","level_value":20000,"tags":["COMMONS-LOGGING"]}
{"@timestamp":"2026-09-28T08:24:17.593171942Z","@version":"1","message":"Loaded RoutePredicateFactory [Header]","logger_name":"org.springframework.cloud.gateway.route.RouteDefinitionRouteLocator","thread_name":"main","level":"INFO","level_value":20000,"tags":["COMMONS-LOGGING"]}
{"@timestamp":"2026-09-28T08:24:17.594274707Z","@version":"1","message":"Loaded RoutePredicateFactory [Host]","logger_name":"org.springframework.cloud.gateway.route.RouteDefinitionRouteLocator","thread_name":"main","level":"INFO","level_value":20000,"tags":["COMMONS-LOGGING"]}
{"@timestamp":"2026-09-28T08:24:17.596326248Z","@version":"1","message":"Loaded RoutePredicateFactory [Method]","logger_name":"org.springframework.cloud.gateway.route.RouteDefinitionRouteLocator","thread_name":"main","level":"INFO","level_value":20000,"tags":["COMMONS-LOGGING"]}
{"@timestamp":"2026-09-28T08:24:17.597575018Z","@version":"1","message":"Loaded RoutePredicateFactory [Path]","logger_name":"org.springframework.cloud.gateway.route.RouteDefinitionRouteLocator","thread_name":"main","level":"INFO","level_value":20000,"tags":["COMMONS-LOGGING"]}
{"@timestamp":"2026-09-28T08:24:17.598388016Z","@version":"1","message":"Loaded RoutePredicateFactory [Query]","logger_name":"org.springframework.cloud.gateway.route.RouteDefinitionRouteLocator","thread_name":"main","level":"INFO","level_value":20000,"tags":["COMMONS-LOGGING"]}
{"@timestamp":"2026-09-28T08:24:17.599142312Z","@version":"1","message":"Loaded RoutePredicateFactory [ReadBody]","logger_name":"org.springframework.cloud.gateway.route.RouteDefinitionRouteLocator","thread_name":"main","level":"INFO","level_value":20000,"tags":["COMMONS-LOGGING"]}
{"@timestamp":"2026-09-28T08:24:17.600019054Z","@version":"1","message":"Loaded RoutePredicateFactory [RemoteAddr]","logger_name":"org.springframework.cloud.gateway.route.RouteDefinitionRouteLocator","thread_name":"main","level":"INFO","level_value":20000,"tags":["COMMONS-LOGGING"]}
{"@timestamp":"2026-09-28T08:24:17.600676018Z","@version":"1","message":"Loaded RoutePredicateFactory [Version]","logger_name":"org.springframework.cloud.gateway.route.RouteDefinitionRouteLocator","thread_name":"main","level":"INFO","level_value":20000,"tags":["COMMONS-LOGGING"]}
{"@timestamp":"2026-09-28T08:24:17.601230782Z","@version":"1","message":"Loaded RoutePredicateFactory [XForwardedRemoteAddr]","logger_name":"org.springframework.cloud.gateway.route.RouteDefinitionRouteLocator","thread_name":"main","level":"INFO","level_value":20000,"tags":["COMMONS-LOGGING"]}
{"@timestamp":"2026-09-28T08:24:17.601916534Z","@version":"1","message":"Loaded RoutePredicateFactory [Weight]","logger_name":"org.springframework.cloud.gateway.route.RouteDefinitionRouteLocator","thread_name":"main","level":"INFO","level_value":20000,"tags":["COMMONS-LOGGING"]}
{"@timestamp":"2026-09-28T08:24:17.602535968Z","@version":"1","message":"Loaded RoutePredicateFactory [CloudFoundryRouteService]","logger_name":"org.springframework.cloud.gateway.route.RouteDefinitionRouteLocator","thread_name":"main","level":"INFO","level_value":20000,"tags":["COMMONS-LOGGING"]}
{"@timestamp":"2026-09-28T08:24:18.0438179Z","@version":"1","message":"Exposing 3 endpoints beneath base path '/actuator'","logger_name":"org.springframework.boot.actuate.endpoint.web.EndpointLinksResolver","thread_name":"main","level":"INFO","level_value":20000,"tags":["COMMONS-LOGGING"]}
{"@timestamp":"2026-09-28T08:24:18.772825759Z","@version":"1","message":"Eureka HTTP Client uses RestClient.","logger_name":"org.springframework.cloud.netflix.eureka.config.DiscoveryClientOptionalArgsConfiguration","thread_name":"main","level":"INFO","level_value":20000,"tags":["COMMONS-LOGGING"]}
{"@timestamp":"2026-09-28T08:24:18.841345815Z","@version":"1","message":"Spring Cloud LoadBalancer is currently working with the default cache. While this cache implementation is useful for development and tests, it's recommended to use Caffeine cache in production.You can switch to using Caffeine cache, by adding it and org.springframework.cache.caffeine.CaffeineCacheManager to the classpath.","logger_name":"org.springframework.cloud.loadbalancer.config.LoadBalancerCacheAutoConfiguration$LoadBalancerCaffeineWarnLogger","thread_name":"main","level":"WARN","level_value":30000,"tags":["COMMONS-LOGGING"]}
{"@timestamp":"2026-09-28T08:24:18.961149081Z","@version":"1","message":"Setting initial instance status as: STARTING","logger_name":"org.springframework.cloud.netflix.eureka.InstanceInfoFactory","thread_name":"main","level":"INFO","level_value":20000,"tags":["COMMONS-LOGGING"]}
{"@timestamp":"2026-09-28T08:24:19.021831503Z","@version":"1","message":"Initializing Eureka in region us-east-1","logger_name":"com.netflix.discovery.DiscoveryClient","thread_name":"main","level":"INFO","level_value":20000}
{"@timestamp":"2026-09-28T08:24:19.030546986Z","@version":"1","message":"Resolving eureka endpoints via configuration","logger_name":"com.netflix.discovery.shared.resolver.aws.ConfigClusterResolver","thread_name":"main","level":"INFO","level_value":20000}
{"@timestamp":"2026-09-28T08:24:19.050306713Z","@version":"1","message":"Disable delta property : false","logger_name":"com.netflix.discovery.DiscoveryClient","thread_name":"main","level":"INFO","level_value":20000}
{"@timestamp":"2026-09-28T08:24:19.051692745Z","@version":"1","message":"Single vip registry refresh property : null","logger_name":"com.netflix.discovery.DiscoveryClient","thread_name":"main","level":"INFO","level_value":20000}
{"@timestamp":"2026-09-28T08:24:19.052661586Z","@version":"1","message":"Force full registry fetch : false","logger_name":"com.netflix.discovery.DiscoveryClient","thread_name":"main","level":"INFO","level_value":20000}
{"@timestamp":"2026-09-28T08:24:19.053453609Z","@version":"1","message":"Application is null : false","logger_name":"com.netflix.discovery.DiscoveryClient","thread_name":"main","level":"INFO","level_value":20000}
{"@timestamp":"2026-09-28T08:24:19.054233033Z","@version":"1","message":"Registered Applications size is zero : true","logger_name":"com.netflix.discovery.DiscoveryClient","thread_name":"main","level":"INFO","level_value":20000}
{"@timestamp":"2026-09-28T08:24:19.054979175Z","@version":"1","message":"Application version is -1: true","logger_name":"com.netflix.discovery.DiscoveryClient","thread_name":"main","level":"INFO","level_value":20000}
{"@timestamp":"2026-09-28T08:24:19.055721549Z","@version":"1","message":"Getting all instance registry info from the eureka server","logger_name":"com.netflix.discovery.DiscoveryClient","thread_name":"main","level":"INFO","level_value":20000}
{"@timestamp":"2026-09-28T08:24:19.66000392Z","@version":"1","message":"The response status is 200","logger_name":"com.netflix.discovery.DiscoveryClient","thread_name":"main","level":"INFO","level_value":20000}
{"@timestamp":"2026-09-28T08:24:19.664831393Z","@version":"1","message":"Starting heartbeat executor: renew interval is: 30","logger_name":"com.netflix.discovery.DiscoveryClient","thread_name":"main","level":"INFO","level_value":20000}
{"@timestamp":"2026-09-28T08:24:19.672695027Z","@version":"1","message":"InstanceInfoReplicator onDemand update allowed rate per min is 4","logger_name":"com.netflix.discovery.InstanceInfoReplicator","thread_name":"main","level":"INFO","level_value":20000}
{"@timestamp":"2026-09-28T08:24:19.678080749Z","@version":"1","message":"Discovery Client initialized at timestamp 1790583859676 with initial instances count: 4","logger_name":"com.netflix.discovery.DiscoveryClient","thread_name":"main","level":"INFO","level_value":20000}
{"@timestamp":"2026-09-28T08:24:19.683862435Z","@version":"1","message":"Registering application API-GATEWAY with eureka with status UP","logger_name":"org.springframework.cloud.netflix.eureka.serviceregistry.EurekaServiceRegistry","thread_name":"main","level":"INFO","level_value":20000,"tags":["COMMONS-LOGGING"]}
{"@timestamp":"2026-09-28T08:24:19.685459456Z","@version":"1","message":"Saw local status change event StatusChangeEvent [timestamp=1790583859685, current=UP, previous=STARTING]","logger_name":"com.netflix.discovery.DiscoveryClient","thread_name":"main","level":"INFO","level_value":20000}
{"@timestamp":"2026-09-28T08:24:19.68846809Z","@version":"1","message":"DiscoveryClient_API-GATEWAY/c3aca56bee22:api-gateway:8090: registering service...","logger_name":"com.netflix.discovery.DiscoveryClient","thread_name":"DiscoveryClient-InstanceInfoReplicator-%d","level":"INFO","level_value":20000}
{"@timestamp":"2026-09-28T08:24:19.751828982Z","@version":"1","message":"DiscoveryClient_API-GATEWAY/c3aca56bee22:api-gateway:8090 - registration status: 204","logger_name":"com.netflix.discovery.DiscoveryClient","thread_name":"DiscoveryClient-InstanceInfoReplicator-%d","level":"INFO","level_value":20000}
{"@timestamp":"2026-09-28T08:24:20.129757293Z","@version":"1","message":"Netty started on port 8090 (http)","logger_name":"org.springframework.boot.reactor.netty.NettyWebServer","thread_name":"main","level":"INFO","level_value":20000,"tags":["COMMONS-LOGGING"]}
{"@timestamp":"2026-09-28T08:24:20.13237169Z","@version":"1","message":"Updating port to 8090","logger_name":"org.springframework.cloud.netflix.eureka.serviceregistry.EurekaAutoServiceRegistration","thread_name":"main","level":"INFO","level_value":20000,"tags":["COMMONS-LOGGING"]}
{"@timestamp":"2026-09-28T08:24:20.17382705Z","@version":"1","message":"Started GatewayApplication in 14.54 seconds (process running for 16.938)","logger_name":"com.iotsecurity.gateway.GatewayApplication","thread_name":"main","level":"INFO","level_value":20000,"tags":["COMMONS-LOGGING"]}
{"@timestamp":"2026-09-28T08:24:20.179809192Z","@version":"1","message":"SpringDoc /v3/api-docs endpoint is enabled by default. To disable it in production, set the property 'springdoc.api-docs.enabled=false'","logger_name":"org.springdoc.core.events.SpringDocAppInitializer","thread_name":"main","level":"WARN","level_value":30000}
{"@timestamp":"2026-09-28T08:24:20.180735136Z","@version":"1","message":"SpringDoc /swagger-ui.html endpoint is enabled by default. To disable it in production, set the property 'springdoc.swagger-ui.enabled=false'","logger_name":"org.springdoc.core.events.SpringDocAppInitializer","thread_name":"main","level":"WARN","level_value":30000}
{"@timestamp":"2026-09-28T08:24:20.182191115Z","@version":"1","message":"IoT Security API Gateway started successfully","logger_name":"com.iotsecurity.gateway.GatewayApplication","thread_name":"main","level":"INFO","level_value":20000}
{"@timestamp":"2026-09-28T08:29:19.038567301Z","@version":"1","message":"Resolving eureka endpoints via configuration","logger_name":"com.netflix.discovery.shared.resolver.aws.ConfigClusterResolver","thread_name":"AsyncResolver-bootstrap-executor-%d","level":"INFO","level_value":20000}
{"@timestamp":"2026-09-28T08:34:19.023356795Z","@version":"1","message":"Resolving eureka endpoints via configuration","logger_name":"com.netflix.discovery.shared.resolver.aws.ConfigClusterResolver","thread_name":"AsyncResolver-bootstrap-executor-%d","level":"INFO","level_value":20000}
{"@timestamp":"2026-09-28T08:39:19.006485479Z","@version":"1","message":"Resolving eureka endpoints via configuration","logger_name":"com.netflix.discovery.shared.resolver.aws.ConfigClusterResolver","thread_name":"AsyncResolver-bootstrap-executor-%d","level":"INFO","level_value":20000}
{"@timestamp":"2026-09-28T08:44:18.989585399Z","@version":"1","message":"Resolving eureka endpoints via configuration","logger_name":"com.netflix.discovery.shared.resolver.aws.ConfigClusterResolver","thread_name":"AsyncResolver-bootstrap-executor-%d","level":"INFO","level_value":20000}
{"@timestamp":"2026-09-28T08:49:18.972763421Z","@version":"1","message":"Resolving eureka endpoints via configuration","logger_name":"com.netflix.discovery.shared.resolver.aws.ConfigClusterResolver","thread_name":"AsyncResolver-bootstrap-executor-%d","level":"INFO","level_value":20000}
{"@timestamp":"2026-09-28T08:54:18.956984685Z","@version":"1","message":"Resolving eureka endpoints via configuration","logger_name":"com.netflix.discovery.shared.resolver.aws.ConfigClusterResolver","thread_name":"AsyncResolver-bootstrap-executor-%d","level":"INFO","level_value":20000}
{"@timestamp":"2026-09-28T08:59:18.941410763Z","@version":"1","message":"Resolving eureka endpoints via configuration","logger_name":"com.netflix.discovery.shared.resolver.aws.ConfigClusterResolver","thread_name":"AsyncResolver-bootstrap-executor-%d","level":"INFO","level_value":20000}
{"@timestamp":"2026-09-28T09:04:18.930829327Z","@version":"1","message":"Resolving eureka endpoints via configuration","logger_name":"com.netflix.discovery.shared.resolver.aws.ConfigClusterResolver","thread_name":"AsyncResolver-bootstrap-executor-%d","level":"INFO","level_value":20000}
{"@timestamp":"2026-09-28T09:09:18.920991082Z","@version":"1","message":"Resolving eureka endpoints via configuration","logger_name":"com.netflix.discovery.shared.resolver.aws.ConfigClusterResolver","thread_name":"AsyncResolver-bootstrap-executor-%d","level":"INFO","level_value":20000}
{"@timestamp":"2026-09-28T09:14:18.909330951Z","@version":"1","message":"Resolving eureka endpoints via configuration","logger_name":"com.netflix.discovery.shared.resolver.aws.ConfigClusterResolver","thread_name":"AsyncResolver-bootstrap-executor-%d","level":"INFO","level_value":20000}
